Arr,[%!s(uint16=13330) %!s(uint16=30806) %!s(uint16=43920)]
