Flag1,%!s(uint8=1)
Not_A_Flag,%!s(uint8=2)
Remaining,%!s(uint8=21)
