Default,%!s(uint32=305419896)
Override_Big,%!s(uint32=305419896)
Override_Little,%!s(uint32=2018915346)
