F_Int8,%!s(int8=-1)
F_Int16,%!s(int16=-1)
F_Int32,%!s(int32=-1)
F_Int64,%!s(int64=-1)
