F_Uint8,%!s(uint8=18)
F_Uint16,%!s(uint16=22068)
F_Uint32,%!s(uint32=3450572920)
F_Uint64,%!s(uint64=8603657889541919215)
